// Jest Snapshot v1, https://goo.gl/fbAQLP

exports[`Card is a Card instance with card data 1`] = `
<div
  class="el-card is-hover-shadow"
>
  <!---->
  <div
    class="el-card__body"
    style="padding: 0px;"
  >
    <div>
      <a>
        <img
          alt="test-title"
          class="image"
          src="test-image.jpg"
        />
         
        <div
          class="content"
        >
          <h2>
            test-title
          </h2>
           
          <time
            class="date-time"
            datetime="datetime-local"
          >
            2011-11-18 14:54:39
          </time>
        </div>
      </a>
    </div>
  </div>
</div>
`;
