// Jest Snapshot v1, https://goo.gl/fbAQLP

exports[`BlogCards is a BlogCards instance with data for a multiple Card's 1`] = `
<div>
  <div
    class="el-row"
    style="margin-left: -10px; margin-right: -10px;"
  >
    <div
      class="el-col el-col-8"
      style="padding-left: 10px; padding-right: 10px;"
    >
      <div
        class="card-stub"
      />
    </div>
    <div
      class="el-col el-col-8"
      style="padding-left: 10px; padding-right: 10px;"
    >
      <div
        class="card-stub"
      />
    </div>
  </div>
</div>
`;

exports[`BlogCards is a BlogCards instance with data for a single Cards 1`] = `
<div>
  <div
    class="el-row"
    style="margin-left: -10px; margin-right: -10px;"
  >
    <div
      class="el-col el-col-8"
      style="padding-left: 10px; padding-right: 10px;"
    >
      <div
        class="card-stub"
      />
    </div>
  </div>
</div>
`;
